[debug] [2026-06-19T23:06:32.076Z] ----------------------------------------------------------------------
[debug] [2026-06-19T23:06:32.079Z] Command:       C:\Program Files\nodejs\node.exe C:\Users\Omat\AppData\Local\npm-cache\_npx\7750544ccf494d8b\node_modules\firebase-tools\lib\bin\firebase.js auth:export C:\Users\Omat\AppData\Local\Temp\preciojusto-auth-users.json --project preciojustopruebas2 --format=json
[debug] [2026-06-19T23:06:32.080Z] CLI Version:   15.22.0
[debug] [2026-06-19T23:06:32.080Z] Platform:      win32
[debug] [2026-06-19T23:06:32.080Z] Node Version:  v22.13.0
[debug] [2026-06-19T23:06:32.081Z] Detected Agent: codex_cli
[debug] [2026-06-19T23:06:32.081Z] Time:          Fri Jun 19 2026 20:06:32 GMT-0300 (hora estándar de Uruguay)
[debug] [2026-06-19T23:06:32.082Z] ----------------------------------------------------------------------
[debug] 
[debug] [2026-06-19T23:06:32.418Z] > command requires scopes: ["email","openid","https://www.googleapis.com/auth/cloudplatformprojects.readonly","https://www.googleapis.com/auth/firebase","https://www.googleapis.com/auth/cloud-platform"]
[debug] [2026-06-19T23:06:32.419Z] > authorizing via signed-in user (leodevapps.75@gmail.com)
[debug] [2026-06-19T23:06:32.419Z] [iam] checking project preciojustopruebas2 for permissions ["firebase.projects.get","firebaseauth.users.get"]
[debug] [2026-06-19T23:06:32.422Z] Checked if tokens are valid: false, expires at: 1781871515083
[debug] [2026-06-19T23:06:32.422Z] Checked if tokens are valid: false, expires at: 1781871515083
[debug] [2026-06-19T23:06:32.422Z] > refreshing access token with scopes: []
[debug] [2026-06-19T23:06:32.425Z] >>> [apiv2][query] POST https://www.googleapis.com/oauth2/v3/token [none]
[debug] [2026-06-19T23:06:32.425Z] >>> [apiv2][body] POST https://www.googleapis.com/oauth2/v3/token [omitted]
[debug] [2026-06-19T23:06:32.643Z] <<< [apiv2][status] POST https://www.googleapis.com/oauth2/v3/token 200
[debug] [2026-06-19T23:06:32.644Z] <<< [apiv2][body] POST https://www.googleapis.com/oauth2/v3/token [omitted]
[debug] [2026-06-19T23:06:32.653Z] >>> [apiv2][query] POST https://cloudresourcemanager.googleapis.com/v1/projects/preciojustopruebas2:testIamPermissions [none]
[debug] [2026-06-19T23:06:32.653Z] >>> [apiv2][(partial)header] POST https://cloudresourcemanager.googleapis.com/v1/projects/preciojustopruebas2:testIamPermissions  x-goog-user-project=preciojustopruebas2
[debug] [2026-06-19T23:06:32.653Z] >>> [apiv2][body] POST https://cloudresourcemanager.googleapis.com/v1/projects/preciojustopruebas2:testIamPermissions {"permissions":["firebase.projects.get","firebaseauth.users.get"]}
[debug] [2026-06-19T23:06:33.569Z] <<< [apiv2][status] POST https://cloudresourcemanager.googleapis.com/v1/projects/preciojustopruebas2:testIamPermissions 200
[debug] [2026-06-19T23:06:33.570Z] <<< [apiv2][body] POST https://cloudresourcemanager.googleapis.com/v1/projects/preciojustopruebas2:testIamPermissions {"permissions":["firebase.projects.get","firebaseauth.users.get"]}
[info] Exporting accounts to C:\Users\Omat\AppData\Local\Temp\preciojusto-auth-users.json
[debug] [2026-06-19T23:06:33.572Z] Checked if tokens are valid: true, expires at: 1781913991644
[debug] [2026-06-19T23:06:33.572Z] Checked if tokens are valid: true, expires at: 1781913991644
[debug] [2026-06-19T23:06:33.572Z] >>> [apiv2][query] POST https://www.googleapis.com/identitytoolkit/v3/relyingparty/downloadAccount [none]
[debug] [2026-06-19T23:06:33.573Z] >>> [apiv2][body] POST https://www.googleapis.com/identitytoolkit/v3/relyingparty/downloadAccount {"targetProjectId":"preciojustopruebas2","maxResults":1000}
[debug] [2026-06-19T23:06:33.855Z] <<< [apiv2][status] POST https://www.googleapis.com/identitytoolkit/v3/relyingparty/downloadAccount 200
[debug] [2026-06-19T23:06:33.855Z] <<< [apiv2][body] POST https://www.googleapis.com/identitytoolkit/v3/relyingparty/downloadAccount [omitted]
[info] +  Exported 8 account(s) successfully. 
[debug] [2026-06-19T23:10:26.519Z] ----------------------------------------------------------------------
[debug] [2026-06-19T23:10:26.523Z] Command:       C:\Program Files\nodejs\node.exe C:\Users\Omat\AppData\Local\npm-cache\_npx\7750544ccf494d8b\node_modules\firebase-tools\lib\bin\firebase.js auth:export C:\Users\Omat\AppData\Local\Temp\preciojusto-auth-users-final.json --project preciojustopruebas2 --format=json
[debug] [2026-06-19T23:10:26.524Z] CLI Version:   15.22.0
[debug] [2026-06-19T23:10:26.524Z] Platform:      win32
[debug] [2026-06-19T23:10:26.524Z] Node Version:  v22.13.0
[debug] [2026-06-19T23:10:26.525Z] Detected Agent: codex_cli
[debug] [2026-06-19T23:10:26.525Z] Time:          Fri Jun 19 2026 20:10:26 GMT-0300 (hora estándar de Uruguay)
[debug] [2026-06-19T23:10:26.525Z] ----------------------------------------------------------------------
[debug] 
[debug] [2026-06-19T23:10:26.868Z] > command requires scopes: ["email","openid","https://www.googleapis.com/auth/cloudplatformprojects.readonly","https://www.googleapis.com/auth/firebase","https://www.googleapis.com/auth/cloud-platform"]
[debug] [2026-06-19T23:10:26.868Z] > authorizing via signed-in user (leodevapps.75@gmail.com)
[debug] [2026-06-19T23:10:26.868Z] [iam] checking project preciojustopruebas2 for permissions ["firebase.projects.get","firebaseauth.users.get"]
[debug] [2026-06-19T23:10:26.870Z] Checked if tokens are valid: true, expires at: 1781913991644
[debug] [2026-06-19T23:10:26.871Z] Checked if tokens are valid: true, expires at: 1781913991644
[debug] [2026-06-19T23:10:26.873Z] >>> [apiv2][query] POST https://cloudresourcemanager.googleapis.com/v1/projects/preciojustopruebas2:testIamPermissions [none]
[debug] [2026-06-19T23:10:26.873Z] >>> [apiv2][(partial)header] POST https://cloudresourcemanager.googleapis.com/v1/projects/preciojustopruebas2:testIamPermissions  x-goog-user-project=preciojustopruebas2
[debug] [2026-06-19T23:10:26.873Z] >>> [apiv2][body] POST https://cloudresourcemanager.googleapis.com/v1/projects/preciojustopruebas2:testIamPermissions {"permissions":["firebase.projects.get","firebaseauth.users.get"]}
[debug] [2026-06-19T23:10:27.829Z] <<< [apiv2][status] POST https://cloudresourcemanager.googleapis.com/v1/projects/preciojustopruebas2:testIamPermissions 200
[debug] [2026-06-19T23:10:27.829Z] <<< [apiv2][body] POST https://cloudresourcemanager.googleapis.com/v1/projects/preciojustopruebas2:testIamPermissions {"permissions":["firebase.projects.get","firebaseauth.users.get"]}
[info] Exporting accounts to C:\Users\Omat\AppData\Local\Temp\preciojusto-auth-users-final.json
[debug] [2026-06-19T23:10:27.831Z] Checked if tokens are valid: true, expires at: 1781913991644
[debug] [2026-06-19T23:10:27.831Z] Checked if tokens are valid: true, expires at: 1781913991644
[debug] [2026-06-19T23:10:27.831Z] >>> [apiv2][query] POST https://www.googleapis.com/identitytoolkit/v3/relyingparty/downloadAccount [none]
[debug] [2026-06-19T23:10:27.831Z] >>> [apiv2][body] POST https://www.googleapis.com/identitytoolkit/v3/relyingparty/downloadAccount {"targetProjectId":"preciojustopruebas2","maxResults":1000}
[debug] [2026-06-19T23:10:28.126Z] <<< [apiv2][status] POST https://www.googleapis.com/identitytoolkit/v3/relyingparty/downloadAccount 200
[debug] [2026-06-19T23:10:28.126Z] <<< [apiv2][body] POST https://www.googleapis.com/identitytoolkit/v3/relyingparty/downloadAccount [omitted]
[info] +  Exported 1 account(s) successfully. 
[debug] [2026-06-19T23:12:47.638Z] ----------------------------------------------------------------------
[debug] [2026-06-19T23:12:47.643Z] Command:       C:\Program Files\nodejs\node.exe C:\Users\Omat\AppData\Local\npm-cache\_npx\7750544ccf494d8b\node_modules\firebase-tools\lib\bin\firebase.js auth:export C:\Users\Omat\AppData\Local\Temp\preciojusto-auth-users-check.json --project preciojustopruebas2 --format=json
[debug] [2026-06-19T23:12:47.643Z] CLI Version:   15.22.0
[debug] [2026-06-19T23:12:47.644Z] Platform:      win32
[debug] [2026-06-19T23:12:47.644Z] Node Version:  v22.13.0
[debug] [2026-06-19T23:12:47.644Z] Detected Agent: codex_cli
[debug] [2026-06-19T23:12:47.645Z] Time:          Fri Jun 19 2026 20:12:47 GMT-0300 (hora estándar de Uruguay)
[debug] [2026-06-19T23:12:47.645Z] ----------------------------------------------------------------------
[debug] 
[debug] [2026-06-19T23:12:48.016Z] > command requires scopes: ["email","openid","https://www.googleapis.com/auth/cloudplatformprojects.readonly","https://www.googleapis.com/auth/firebase","https://www.googleapis.com/auth/cloud-platform"]
[debug] [2026-06-19T23:12:48.017Z] > authorizing via signed-in user (leodevapps.75@gmail.com)
[debug] [2026-06-19T23:12:48.017Z] [iam] checking project preciojustopruebas2 for permissions ["firebase.projects.get","firebaseauth.users.get"]
[debug] [2026-06-19T23:12:48.019Z] Checked if tokens are valid: true, expires at: 1781913991644
[debug] [2026-06-19T23:12:48.019Z] Checked if tokens are valid: true, expires at: 1781913991644
[debug] [2026-06-19T23:12:48.021Z] >>> [apiv2][query] POST https://cloudresourcemanager.googleapis.com/v1/projects/preciojustopruebas2:testIamPermissions [none]
[debug] [2026-06-19T23:12:48.021Z] >>> [apiv2][(partial)header] POST https://cloudresourcemanager.googleapis.com/v1/projects/preciojustopruebas2:testIamPermissions  x-goog-user-project=preciojustopruebas2
[debug] [2026-06-19T23:12:48.021Z] >>> [apiv2][body] POST https://cloudresourcemanager.googleapis.com/v1/projects/preciojustopruebas2:testIamPermissions {"permissions":["firebase.projects.get","firebaseauth.users.get"]}
[debug] [2026-06-19T23:12:48.976Z] <<< [apiv2][status] POST https://cloudresourcemanager.googleapis.com/v1/projects/preciojustopruebas2:testIamPermissions 200
[debug] [2026-06-19T23:12:48.977Z] <<< [apiv2][body] POST https://cloudresourcemanager.googleapis.com/v1/projects/preciojustopruebas2:testIamPermissions {"permissions":["firebase.projects.get","firebaseauth.users.get"]}
[info] Exporting accounts to C:\Users\Omat\AppData\Local\Temp\preciojusto-auth-users-check.json
[debug] [2026-06-19T23:12:48.979Z] Checked if tokens are valid: true, expires at: 1781913991644
[debug] [2026-06-19T23:12:48.979Z] Checked if tokens are valid: true, expires at: 1781913991644
[debug] [2026-06-19T23:12:48.979Z] >>> [apiv2][query] POST https://www.googleapis.com/identitytoolkit/v3/relyingparty/downloadAccount [none]
[debug] [2026-06-19T23:12:48.980Z] >>> [apiv2][body] POST https://www.googleapis.com/identitytoolkit/v3/relyingparty/downloadAccount {"targetProjectId":"preciojustopruebas2","maxResults":1000}
[debug] [2026-06-19T23:12:49.375Z] <<< [apiv2][status] POST https://www.googleapis.com/identitytoolkit/v3/relyingparty/downloadAccount 200
[debug] [2026-06-19T23:12:49.376Z] <<< [apiv2][body] POST https://www.googleapis.com/identitytoolkit/v3/relyingparty/downloadAccount [omitted]
[info] +  Exported 2 account(s) successfully. 
[debug] [2026-06-19T23:16:11.623Z] ----------------------------------------------------------------------
[debug] [2026-06-19T23:16:11.630Z] Command:       C:\Program Files\nodejs\node.exe C:\Users\Omat\AppData\Local\npm-cache\_npx\7750544ccf494d8b\node_modules\firebase-tools\lib\bin\firebase.js auth:export C:\Users\Omat\AppData\Local\Temp\preciojusto-auth-users-clean03.json --project preciojustopruebas2 --format=json
[debug] [2026-06-19T23:16:11.631Z] CLI Version:   15.22.0
[debug] [2026-06-19T23:16:11.632Z] Platform:      win32
[debug] [2026-06-19T23:16:11.632Z] Node Version:  v22.13.0
[debug] [2026-06-19T23:16:11.633Z] Detected Agent: codex_cli
[debug] [2026-06-19T23:16:11.633Z] Time:          Fri Jun 19 2026 20:16:11 GMT-0300 (hora estándar de Uruguay)
[debug] [2026-06-19T23:16:11.633Z] ----------------------------------------------------------------------
[debug] 
[debug] [2026-06-19T23:16:12.050Z] > command requires scopes: ["email","openid","https://www.googleapis.com/auth/cloudplatformprojects.readonly","https://www.googleapis.com/auth/firebase","https://www.googleapis.com/auth/cloud-platform"]
[debug] [2026-06-19T23:16:12.050Z] > authorizing via signed-in user (leodevapps.75@gmail.com)
[debug] [2026-06-19T23:16:12.051Z] [iam] checking project preciojustopruebas2 for permissions ["firebase.projects.get","firebaseauth.users.get"]
[debug] [2026-06-19T23:16:12.053Z] Checked if tokens are valid: true, expires at: 1781913991644
[debug] [2026-06-19T23:16:12.053Z] Checked if tokens are valid: true, expires at: 1781913991644
[debug] [2026-06-19T23:16:12.054Z] >>> [apiv2][query] POST https://cloudresourcemanager.googleapis.com/v1/projects/preciojustopruebas2:testIamPermissions [none]
[debug] [2026-06-19T23:16:12.055Z] >>> [apiv2][(partial)header] POST https://cloudresourcemanager.googleapis.com/v1/projects/preciojustopruebas2:testIamPermissions  x-goog-user-project=preciojustopruebas2
[debug] [2026-06-19T23:16:12.055Z] >>> [apiv2][body] POST https://cloudresourcemanager.googleapis.com/v1/projects/preciojustopruebas2:testIamPermissions {"permissions":["firebase.projects.get","firebaseauth.users.get"]}
[debug] [2026-06-19T23:16:13.049Z] <<< [apiv2][status] POST https://cloudresourcemanager.googleapis.com/v1/projects/preciojustopruebas2:testIamPermissions 200
[debug] [2026-06-19T23:16:13.049Z] <<< [apiv2][body] POST https://cloudresourcemanager.googleapis.com/v1/projects/preciojustopruebas2:testIamPermissions {"permissions":["firebase.projects.get","firebaseauth.users.get"]}
[info] Exporting accounts to C:\Users\Omat\AppData\Local\Temp\preciojusto-auth-users-clean03.json
[debug] [2026-06-19T23:16:13.051Z] Checked if tokens are valid: true, expires at: 1781913991644
[debug] [2026-06-19T23:16:13.051Z] Checked if tokens are valid: true, expires at: 1781913991644
[debug] [2026-06-19T23:16:13.051Z] >>> [apiv2][query] POST https://www.googleapis.com/identitytoolkit/v3/relyingparty/downloadAccount [none]
[debug] [2026-06-19T23:16:13.051Z] >>> [apiv2][body] POST https://www.googleapis.com/identitytoolkit/v3/relyingparty/downloadAccount {"targetProjectId":"preciojustopruebas2","maxResults":1000}
[debug] [2026-06-19T23:16:13.338Z] <<< [apiv2][status] POST https://www.googleapis.com/identitytoolkit/v3/relyingparty/downloadAccount 200
[debug] [2026-06-19T23:16:13.338Z] <<< [apiv2][body] POST https://www.googleapis.com/identitytoolkit/v3/relyingparty/downloadAccount [omitted]
[info] +  Exported 2 account(s) successfully. 
[debug] [2026-06-19T23:16:31.022Z] ----------------------------------------------------------------------
[debug] [2026-06-19T23:16:31.029Z] Command:       C:\Program Files\nodejs\node.exe C:\Users\Omat\AppData\Local\npm-cache\_npx\7750544ccf494d8b\node_modules\firebase-tools\lib\bin\firebase.js firestore:delete usuarios/DrpGiJhmV5QirIBS30VGqJB220U2 --recursive --project preciojustopruebas2 --force
[debug] [2026-06-19T23:16:31.031Z] CLI Version:   15.22.0
[debug] [2026-06-19T23:16:31.031Z] Platform:      win32
[debug] [2026-06-19T23:16:31.031Z] Node Version:  v22.13.0
[debug] [2026-06-19T23:16:31.032Z] Detected Agent: codex_cli
[debug] [2026-06-19T23:16:31.032Z] Time:          Fri Jun 19 2026 20:16:31 GMT-0300 (hora estándar de Uruguay)
[debug] [2026-06-19T23:16:31.032Z] ----------------------------------------------------------------------
[debug] 
[debug] [2026-06-19T23:16:34.040Z] > command requires scopes: ["email","openid","https://www.googleapis.com/auth/cloudplatformprojects.readonly","https://www.googleapis.com/auth/firebase","https://www.googleapis.com/auth/cloud-platform"]
[debug] [2026-06-19T23:16:34.041Z] > authorizing via signed-in user (leodevapps.75@gmail.com)
[debug] [2026-06-19T23:16:34.041Z] [iam] checking project preciojustopruebas2 for permissions ["datastore.entities.delete","datastore.entities.list","firebase.projects.get"]
[debug] [2026-06-19T23:16:34.043Z] Checked if tokens are valid: true, expires at: 1781913991644
[debug] [2026-06-19T23:16:34.044Z] Checked if tokens are valid: true, expires at: 1781913991644
[debug] [2026-06-19T23:16:34.048Z] >>> [apiv2][query] POST https://cloudresourcemanager.googleapis.com/v1/projects/preciojustopruebas2:testIamPermissions [none]
[debug] [2026-06-19T23:16:34.049Z] >>> [apiv2][(partial)header] POST https://cloudresourcemanager.googleapis.com/v1/projects/preciojustopruebas2:testIamPermissions  x-goog-user-project=preciojustopruebas2
[debug] [2026-06-19T23:16:34.049Z] >>> [apiv2][body] POST https://cloudresourcemanager.googleapis.com/v1/projects/preciojustopruebas2:testIamPermissions {"permissions":["datastore.entities.delete","datastore.entities.list","firebase.projects.get"]}
[debug] [2026-06-19T23:16:35.003Z] <<< [apiv2][status] POST https://cloudresourcemanager.googleapis.com/v1/projects/preciojustopruebas2:testIamPermissions 200
[debug] [2026-06-19T23:16:35.004Z] <<< [apiv2][body] POST https://cloudresourcemanager.googleapis.com/v1/projects/preciojustopruebas2:testIamPermissions {"permissions":["datastore.entities.delete","datastore.entities.list","firebase.projects.get"]}
[debug] [2026-06-19T23:16:35.006Z] Checked if tokens are valid: true, expires at: 1781913991644
[debug] [2026-06-19T23:16:35.007Z] Checked if tokens are valid: true, expires at: 1781913991644
[debug] [2026-06-19T23:16:35.007Z] >>> [apiv2][query] DELETE https://firestore.googleapis.com/v1/projects/preciojustopruebas2/databases/(default)/documents/usuarios/DrpGiJhmV5QirIBS30VGqJB220U2 [none]
[debug] [2026-06-19T23:16:35.369Z] <<< [apiv2][status] DELETE https://firestore.googleapis.com/v1/projects/preciojustopruebas2/databases/(default)/documents/usuarios/DrpGiJhmV5QirIBS30VGqJB220U2 200
[debug] [2026-06-19T23:16:35.370Z] <<< [apiv2][body] DELETE https://firestore.googleapis.com/v1/projects/preciojustopruebas2/databases/(default)/documents/usuarios/DrpGiJhmV5QirIBS30VGqJB220U2 {}
[debug] [2026-06-19T23:16:35.379Z] Checked if tokens are valid: true, expires at: 1781913991644
[debug] [2026-06-19T23:16:35.380Z] Checked if tokens are valid: true, expires at: 1781913991644
[debug] [2026-06-19T23:16:35.382Z] >>> [apiv2][query] POST https://firestore.googleapis.com/v1/projects/preciojustopruebas2/databases/(default)/documents/usuarios/DrpGiJhmV5QirIBS30VGqJB220U2:runQuery [none]
[debug] [2026-06-19T23:16:35.383Z] >>> [apiv2][body] POST https://firestore.googleapis.com/v1/projects/preciojustopruebas2/databases/(default)/documents/usuarios/DrpGiJhmV5QirIBS30VGqJB220U2:runQuery {"structuredQuery":{"limit":7500,"from":[{"allDescendants":true}],"select":{"fields":[{"fieldPath":"__name__"}]},"orderBy":[{"field":{"fieldPath":"__name__"}}]}}
[debug] [2026-06-19T23:16:36.175Z] <<< [apiv2][status] POST https://firestore.googleapis.com/v1/projects/preciojustopruebas2/databases/(default)/documents/usuarios/DrpGiJhmV5QirIBS30VGqJB220U2:runQuery 200
[debug] [2026-06-19T23:16:36.175Z] <<< [apiv2][body] POST https://firestore.googleapis.com/v1/projects/preciojustopruebas2/databases/(default)/documents/usuarios/DrpGiJhmV5QirIBS30VGqJB220U2:runQuery [{"document":{"name":"projects/preciojustopruebas2/databases/(default)/documents/usuarios/DrpGiJhmV5QirIBS30VGqJB220U2/productos/1774174300837kdqyjkaou","createTime":"2026-06-19T23:12:36.230252Z","updateTime":"2026-06-19T23:12:53.295667Z"},"readTime":"2026-06-19T23:16:35.711861Z"},{"document":{"name":"projects/preciojustopruebas2/databases/(default)/documents/usuarios/DrpGiJhmV5QirIBS30VGqJB220U2/productos/1774174300837kdqyjkaou/precios/precio-1781910756975","createTime":"2026-06-19T23:12:37.052923Z","updateTime":"2026-06-19T23:12:37.052923Z"},"readTime":"2026-06-19T23:16:35.711861Z"},{"document":{"name":"projects/preciojustopruebas2/databases/(default)/documents/usuarios/DrpGiJhmV5QirIBS30VGqJB220U2/productos/1774308190827zfuahgcoo","createTime":"2026-06-19T23:12:52.429518Z","updateTime":"2026-06-19T23:14:35.190469Z"},"readTime":"2026-06-19T23:16:35.711861Z"},{"document":{"name":"projects/preciojustopruebas2/databases/(default)/documents/usuarios/DrpGiJhmV5QirIBS30VGqJB220U2/productos/1774308190827zfuahgcoo/precios/1774956021973qpmur62fj","createTime":"2026-06-19T23:12:53.651443Z","updateTime":"2026-06-19T23:14:36.280050Z"},"readTime":"2026-06-19T23:16:35.711861Z"},{"document":{"name":"projects/preciojustopruebas2/databases/(default)/documents/usuarios/DrpGiJhmV5QirIBS30VGqJB220U2/productos/1774308190827zfuahgcoo/precios/1774956103372cfc7k2a2b","createTime":"2026-06-19T23:12:54.220461Z","updateTime":"2026-06-19T23:14:36.854910Z"},"readTime":"2026-06-19T23:16:35.711861Z"},{"document":{"name":"projects/preciojustopruebas2/databases/(default)/documents/usuarios/DrpGiJhmV5QirIBS30VGqJB220U2/productos/1774308190827zfuahgcoo/precios/17749561735635il8kojih","createTime":"2026-06-19T23:12:54.776525Z","updateTime":"2026-06-19T23:14:37.423414Z"},"readTime":"2026-06-19T23:16:35.711861Z"},{"document":{"name":"projects/preciojustopruebas2/databases/(default)/documents/usuarios/DrpGiJhmV5QirIBS30VGqJB220U2/productos/1774308190827zfuahgcoo/precios/17749562529512xzkqsynn","createTime":"2026-06-19T23:12:55.354255Z","updateTime":"2026-06-19T23:14:37.968285Z"},"readTime":"2026-06-19T23:16:35.711861Z"},{"document":{"name":"projects/preciojustopruebas2/databases/(default)/documents/usuarios/DrpGiJhmV5QirIBS30VGqJB220U2/productos/1774308190827zfuahgcoo/precios/1775739287378jfqqlif7u","createTime":"2026-06-19T23:12:55.906026Z","updateTime":"2026-06-19T23:14:38.512606Z"},"readTime":"2026-06-19T23:16:35.711861Z"},{"document":{"name":"projects/preciojustopruebas2/databases/(default)/documents/usuarios/DrpGiJhmV5QirIBS30VGqJB220U2/productos/1774308190827zfuahgcoo/precios/precio-1781910773215","createTime":"2026-06-19T23:12:53.055180Z","updateTime":"2026-06-19T23:12:53.055180Z"},"readTime":"2026-06-19T23:16:35.711861Z"},{"document":{"name":"projects/preciojustopruebas2/databases/(default)/documents/usuarios/DrpGiJhmV5QirIBS30VGqJB220U2/productos/1774308190827zfuahgcoo/precios/precio-1781910875913","createTime":"2026-06-19T23:14:35.742709Z","updateTime":"2026-06-19T23:14:35.742709Z"},"readTime":"2026-06-19T23:16:35.711861Z"},{"document":{"name":"projects/preciojustopruebas2/databases/(default)/documents/usuarios/DrpGiJhmV5QirIBS30VGqJB220U2/productos/17745177863722i59moylt","createTime":"2026-06-19T23:13:11.618390Z","updateTime":"2026-06-19T23:14:54.175714Z"},"readTime":"2026-06-19T23:16:35.711861Z"},{"document":{"name":"projects/preciojustopruebas2/databases/(default)/documents/usuarios/DrpGiJhmV5QirIBS30VGqJB220U2/productos/17745177863722i59moylt/precios/1775565025783krvnv9saz","createTime":"2026-06-19T23:13:12.934918Z","updateTime":"2026-06-19T23:14:55.368959Z"},"readTime":"2026-06-19T23:16:35.711861Z"},{"document":{"name":"projects/preciojustopruebas2/databases/(default)/documents/usuarios/DrpGiJhmV5QirIBS30VGqJB220U2/productos/17745177863722i59moylt/precios/1775596874223fi37vcr5g","createTime":"2026-06-19T23:13:13.585012Z","updateTime":"2026-06-19T23:14:55.926681Z"},"readTime":"2026-06-19T23:16:35.711861Z"},{"document":{"name":"projects/preciojustopruebas2/databases/(default)/documents/usuarios/DrpGiJhmV5QirIBS30VGqJB220U2/productos/17745177863722i59moylt/precios/1776938049856evh6j0xkc","createTime":"2026-06-19T23:13:14.228035Z","updateTime":"2026-06-19T23:14:56.485501Z"},"readTime":"2026-06-19T23:16:35.711861Z"},{"document":{"name":"projects/preciojustopruebas2/databases/(default)/documents/usuarios/DrpGiJhmV5QirIBS30VGqJB220U2/productos/17745177863722i59moylt/precios/precio-1781910792371","createTime":"2026-06-19T23:13:12.227586Z","updateTime":"2026-06-19T23:13:12.227586Z"},"readTime":"2026-06-19T23:16:35.711861Z"},{"document":{"name":"projects/preciojustopruebas2/databases/(default)/documents/usuarios/DrpGiJhmV5QirIBS30VGqJB220U2/productos/17745177863722i59moylt/precios/precio-1781910894910","createTime":"2026-06-19T23:14:54.804119Z","updateTime":"2026-06-19T23:14:54.804119Z"},"readTime":"2026-06-19T23:16:35.711861Z"},{"document":{"name":"projects/preciojustopruebas2/databases/(default)/documents/usuarios/DrpGiJhmV5QirIBS30VGqJB220U2/productos/1775737458352s74b1pdiw","createTime":"2026-06-19T23:13:29.925439Z","updateTime":"2026-06-19T23:15:11.825076Z"},"readTime":"2026-06-19T23:16:35.711861Z"},{"document":{"name":"projects/preciojustopruebas2/databases/(default)/documents/usuarios/DrpGiJhmV5QirIBS30VGqJB220U2/productos/1775737458352s74b1pdiw/precios/1775737491500oeh7u9blj","createTime":"2026-06-19T23:13:31.083408Z","updateTime":"2026-06-19T23:15:13.125351Z"},"readTime":"2026-06-19T23:16:35.711861Z"},{"document":{"name":"projects/preciojustopruebas2/databases/(default)/documents/usuarios/DrpGiJhmV5QirIBS30VGqJB220U2/productos/1775737458352s74b1pdiw/precios/1777326413783h0rrb4v3y","createTime":"2026-06-19T23:13:31.655196Z","updateTime":"2026-06-19T23:15:13.660631Z"},"readTime":"2026-06-19T23:16:35.711861Z"},{"document":{"name":"projects/preciojustopruebas2/databases/(default)/documents/usuarios/DrpGiJhmV5QirIBS30VGqJB220U2/productos/1775737458352s74b1pdiw/precios/precio-1781910810683","createTime":"2026-06-19T23:13:30.509604Z","updateTime":"2026-06-19T23:13:30.509604Z"},"readTime":"2026-06-19T23:16:35.711861Z"},{"document":{"name":"projects/preciojustopruebas2/databases/(default)/documents/usuarios/DrpGiJhmV5QirIBS30VGqJB220U2/productos/1775737458352s74b1pdiw/precios/precio-1781910912778","createTime":"2026-06-19T23:15:12.572351Z","updateTime":"2026-06-19T23:15:12.572351Z"},"readTime":"2026-06-19T23:16:35.711861Z"},{"document":{"name":"projects/preciojustopruebas2/databases/(default)/documents/usuarios/DrpGiJhmV5QirIBS30VGqJB220U2/productos/1779487828326eqjnhwfgb","createTime":"2026-06-19T23:13:47.494893Z","updateTime":"2026-06-19T23:15:29.342874Z"},"readTime":"2026-06-19T23:16:35.711861Z"},{"document":{"name":"projects/preciojustopruebas2/databases/(default)/documents/usuarios/DrpGiJhmV5QirIBS30VGqJB220U2/productos/1779487828326eqjnhwfgb/precios/precio-1779487830477","createTime":"2026-06-19T23:13:48.109846Z","updateTime":"2026-06-19T23:15:29.880109Z"},"readTime":"2026-06-19T23:16:35.711861Z"},{"document":{"name":"projects/preciojustopruebas2/databases/(default)/documents/usuarios/DrpGiJhmV5QirIBS30VGqJB220U2/productos/1779488008439eimyczy6l","createTime":"2026-06-19T23:14:03.477158Z","updateTime":"2026-06-19T23:15:45.210456Z"},"readTime":"2026-06-19T23:16:35.711861Z"},{"document":{"name":"projects/preciojustopruebas2/databases/(default)/documents/usuarios/DrpGiJhmV5QirIBS30VGqJB220U2/productos/1779488008439eimyczy6l/precios/1781906859719wabya8prs","createTime":"2026-06-19T23:14:04.956786Z","updateTime":"2026-06-19T23:15:46.313870Z"},"readTime":"2026-06-19T23:16:35.711861Z"},{"document":{"name":"projects/preciojustopruebas2/databases/(default)/documents/usuarios/DrpGiJhmV5QirIBS30VGqJB220U2/productos/1779488008439eimyczy6l/precios/precio-1779488010805","createTime":"2026-06-19T23:14:04.333808Z","updateTime":"2026-06-19T23:15:45.779542Z"},"readTime":"2026-06-19T23:16:35.711861Z"}]
[debug] [2026-06-19T23:16:36.176Z] Checked if tokens are valid: true, expires at: 1781913991644
[debug] [2026-06-19T23:16:36.176Z] Checked if tokens are valid: true, expires at: 1781913991644
[debug] [2026-06-19T23:16:36.177Z] Checked if tokens are valid: true, expires at: 1781913991644
[debug] [2026-06-19T23:16:36.177Z] Checked if tokens are valid: true, expires at: 1781913991644
[debug] [2026-06-19T23:16:36.178Z] >>> [apiv2][query] POST https://firestore.googleapis.com/v1/projects/preciojustopruebas2/databases/(default)/documents/usuarios/DrpGiJhmV5QirIBS30VGqJB220U2:runQuery [none]
[debug] [2026-06-19T23:16:36.178Z] >>> [apiv2][body] POST https://firestore.googleapis.com/v1/projects/preciojustopruebas2/databases/(default)/documents/usuarios/DrpGiJhmV5QirIBS30VGqJB220U2:runQuery {"structuredQuery":{"limit":7500,"from":[{"allDescendants":true}],"select":{"fields":[{"fieldPath":"__name__"}]},"orderBy":[{"field":{"fieldPath":"__name__"}}],"startAt":{"values":[{"referenceValue":"projects/preciojustopruebas2/databases/(default)/documents/usuarios/DrpGiJhmV5QirIBS30VGqJB220U2/productos/1779488008439eimyczy6l/precios/precio-1779488010805"}],"before":false}}}
[debug] [2026-06-19T23:16:36.179Z] >>> [apiv2][query] POST https://firestore.googleapis.com/v1/projects/preciojustopruebas2/databases/(default)/documents:commit [none]
[debug] [2026-06-19T23:16:36.179Z] >>> [apiv2][body] POST https://firestore.googleapis.com/v1/projects/preciojustopruebas2/databases/(default)/documents:commit {"writes":[{"delete":"projects/preciojustopruebas2/databases/(default)/documents/usuarios/DrpGiJhmV5QirIBS30VGqJB220U2/productos/1774174300837kdqyjkaou"},{"delete":"projects/preciojustopruebas2/databases/(default)/documents/usuarios/DrpGiJhmV5QirIBS30VGqJB220U2/productos/1774174300837kdqyjkaou/precios/precio-1781910756975"},{"delete":"projects/preciojustopruebas2/databases/(default)/documents/usuarios/DrpGiJhmV5QirIBS30VGqJB220U2/productos/1774308190827zfuahgcoo"},{"delete":"projects/preciojustopruebas2/databases/(default)/documents/usuarios/DrpGiJhmV5QirIBS30VGqJB220U2/productos/1774308190827zfuahgcoo/precios/1774956021973qpmur62fj"},{"delete":"projects/preciojustopruebas2/databases/(default)/documents/usuarios/DrpGiJhmV5QirIBS30VGqJB220U2/productos/1774308190827zfuahgcoo/precios/1774956103372cfc7k2a2b"},{"delete":"projects/preciojustopruebas2/databases/(default)/documents/usuarios/DrpGiJhmV5QirIBS30VGqJB220U2/productos/1774308190827zfuahgcoo/precios/17749561735635il8kojih"},{"delete":"projects/preciojustopruebas2/databases/(default)/documents/usuarios/DrpGiJhmV5QirIBS30VGqJB220U2/productos/1774308190827zfuahgcoo/precios/17749562529512xzkqsynn"},{"delete":"projects/preciojustopruebas2/databases/(default)/documents/usuarios/DrpGiJhmV5QirIBS30VGqJB220U2/productos/1774308190827zfuahgcoo/precios/1775739287378jfqqlif7u"},{"delete":"projects/preciojustopruebas2/databases/(default)/documents/usuarios/DrpGiJhmV5QirIBS30VGqJB220U2/productos/1774308190827zfuahgcoo/precios/precio-1781910773215"},{"delete":"projects/preciojustopruebas2/databases/(default)/documents/usuarios/DrpGiJhmV5QirIBS30VGqJB220U2/productos/1774308190827zfuahgcoo/precios/precio-1781910875913"},{"delete":"projects/preciojustopruebas2/databases/(default)/documents/usuarios/DrpGiJhmV5QirIBS30VGqJB220U2/productos/17745177863722i59moylt"},{"delete":"projects/preciojustopruebas2/databases/(default)/documents/usuarios/DrpGiJhmV5QirIBS30VGqJB220U2/productos/17745177863722i59moylt/precios/1775565025783krvnv9saz"},{"delete":"projects/preciojustopruebas2/databases/(default)/documents/usuarios/DrpGiJhmV5QirIBS30VGqJB220U2/productos/17745177863722i59moylt/precios/1775596874223fi37vcr5g"},{"delete":"projects/preciojustopruebas2/databases/(default)/documents/usuarios/DrpGiJhmV5QirIBS30VGqJB220U2/productos/17745177863722i59moylt/precios/1776938049856evh6j0xkc"},{"delete":"projects/preciojustopruebas2/databases/(default)/documents/usuarios/DrpGiJhmV5QirIBS30VGqJB220U2/productos/17745177863722i59moylt/precios/precio-1781910792371"},{"delete":"projects/preciojustopruebas2/databases/(default)/documents/usuarios/DrpGiJhmV5QirIBS30VGqJB220U2/productos/17745177863722i59moylt/precios/precio-1781910894910"},{"delete":"projects/preciojustopruebas2/databases/(default)/documents/usuarios/DrpGiJhmV5QirIBS30VGqJB220U2/productos/1775737458352s74b1pdiw"},{"delete":"projects/preciojustopruebas2/databases/(default)/documents/usuarios/DrpGiJhmV5QirIBS30VGqJB220U2/productos/1775737458352s74b1pdiw/precios/1775737491500oeh7u9blj"},{"delete":"projects/preciojustopruebas2/databases/(default)/documents/usuarios/DrpGiJhmV5QirIBS30VGqJB220U2/productos/1775737458352s74b1pdiw/precios/1777326413783h0rrb4v3y"},{"delete":"projects/preciojustopruebas2/databases/(default)/documents/usuarios/DrpGiJhmV5QirIBS30VGqJB220U2/productos/1775737458352s74b1pdiw/precios/precio-1781910810683"},{"delete":"projects/preciojustopruebas2/databases/(default)/documents/usuarios/DrpGiJhmV5QirIBS30VGqJB220U2/productos/1775737458352s74b1pdiw/precios/precio-1781910912778"},{"delete":"projects/preciojustopruebas2/databases/(default)/documents/usuarios/DrpGiJhmV5QirIBS30VGqJB220U2/productos/1779487828326eqjnhwfgb"},{"delete":"projects/preciojustopruebas2/databases/(default)/documents/usuarios/DrpGiJhmV5QirIBS30VGqJB220U2/productos/1779487828326eqjnhwfgb/precios/precio-1779487830477"},{"delete":"projects/preciojustopruebas2/databases/(default)/documents/usuarios/DrpGiJhmV5QirIBS30VGqJB220U2/productos/1779488008439eimyczy6l"},{"delete":"projects/preciojustopruebas2/databases/(default)/documents/usuarios/DrpGiJhmV5QirIBS30VGqJB220U2/productos/1779488008439eimyczy6l/precios/1781906859719wabya8prs"},{"delete":"projects/preciojustopruebas2/databases/(default)/documents/usuarios/DrpGiJhmV5QirIBS30VGqJB220U2/productos/1779488008439eimyczy6l/precios/precio-1779488010805"}]}
[debug] [2026-06-19T23:16:36.472Z] <<< [apiv2][status] POST https://firestore.googleapis.com/v1/projects/preciojustopruebas2/databases/(default)/documents/usuarios/DrpGiJhmV5QirIBS30VGqJB220U2:runQuery 200
[debug] [2026-06-19T23:16:36.473Z] <<< [apiv2][body] POST https://firestore.googleapis.com/v1/projects/preciojustopruebas2/databases/(default)/documents/usuarios/DrpGiJhmV5QirIBS30VGqJB220U2:runQuery [{"readTime":"2026-06-19T23:16:36.025444Z"}]
[debug] [2026-06-19T23:16:36.623Z] <<< [apiv2][status] POST https://firestore.googleapis.com/v1/projects/preciojustopruebas2/databases/(default)/documents:commit 200
[debug] [2026-07-05T16:46:08.526Z] ----------------------------------------------------------------------
[debug] [2026-07-05T16:46:08.533Z] Command:       C:\Program Files\nodejs\node.exe C:\Users\Omat\AppData\Local\npm-cache\_npx\7750544ccf494d8b\node_modules\firebase-tools\lib\bin\firebase.js auth:export C:\Users\Omat\AppData\Local\Temp\preciojusto-usuarios-check.json --project preciojustoprod --format=json
[debug] [2026-07-05T16:46:08.534Z] CLI Version:   15.22.4
[debug] [2026-07-05T16:46:08.534Z] Platform:      win32
[debug] [2026-07-05T16:46:08.534Z] Node Version:  v22.13.0
[debug] [2026-07-05T16:46:08.535Z] Detected Agent: codex_cli
[debug] [2026-07-05T16:46:08.536Z] Time:          Sun Jul 05 2026 13:46:08 GMT-0300 (hora estándar de Uruguay)
[debug] [2026-07-05T16:46:08.536Z] ----------------------------------------------------------------------
[debug] 
[debug] [2026-07-05T16:46:09.073Z] > command requires scopes: ["email","openid","https://www.googleapis.com/auth/cloudplatformprojects.readonly","https://www.googleapis.com/auth/firebase","https://www.googleapis.com/auth/cloud-platform"]
[debug] [2026-07-05T16:46:09.074Z] > authorizing via signed-in user (leodevapps.75@gmail.com)
[debug] [2026-07-05T16:46:09.075Z] [iam] checking project preciojustoprod for permissions ["firebase.projects.get","firebaseauth.users.get"]
[debug] [2026-07-05T16:46:09.081Z] Checked if tokens are valid: false, expires at: 1783252731903
[debug] [2026-07-05T16:46:09.081Z] Checked if tokens are valid: false, expires at: 1783252731903
[debug] [2026-07-05T16:46:09.082Z] > refreshing access token with scopes: []
[debug] [2026-07-05T16:46:09.086Z] >>> [apiv2][query] POST https://www.googleapis.com/oauth2/v3/token [none]
[debug] [2026-07-05T16:46:09.087Z] >>> [apiv2][body] POST https://www.googleapis.com/oauth2/v3/token [omitted]
[debug] [2026-07-05T16:46:09.336Z] <<< [apiv2][status] POST https://www.googleapis.com/oauth2/v3/token 200
[debug] [2026-07-05T16:46:09.337Z] <<< [apiv2][body] POST https://www.googleapis.com/oauth2/v3/token [omitted]
[debug] [2026-07-05T16:46:09.355Z] >>> [apiv2][query] POST https://cloudresourcemanager.googleapis.com/v1/projects/preciojustoprod:testIamPermissions [none]
[debug] [2026-07-05T16:46:09.355Z] >>> [apiv2][(partial)header] POST https://cloudresourcemanager.googleapis.com/v1/projects/preciojustoprod:testIamPermissions  x-goog-user-project=preciojustoprod
[debug] [2026-07-05T16:46:09.355Z] >>> [apiv2][body] POST https://cloudresourcemanager.googleapis.com/v1/projects/preciojustoprod:testIamPermissions {"permissions":["firebase.projects.get","firebaseauth.users.get"]}
[debug] [2026-07-05T16:46:10.251Z] <<< [apiv2][status] POST https://cloudresourcemanager.googleapis.com/v1/projects/preciojustoprod:testIamPermissions 200
[debug] [2026-07-05T16:46:10.251Z] <<< [apiv2][body] POST https://cloudresourcemanager.googleapis.com/v1/projects/preciojustoprod:testIamPermissions {"permissions":["firebase.projects.get","firebaseauth.users.get"]}
[info] Exporting accounts to C:\Users\Omat\AppData\Local\Temp\preciojusto-usuarios-check.json
[debug] [2026-07-05T16:46:10.253Z] Checked if tokens are valid: true, expires at: 1783273568337
[debug] [2026-07-05T16:46:10.253Z] Checked if tokens are valid: true, expires at: 1783273568337
[debug] [2026-07-05T16:46:10.254Z] >>> [apiv2][query] POST https://www.googleapis.com/identitytoolkit/v3/relyingparty/downloadAccount [none]
[debug] [2026-07-05T16:46:10.254Z] >>> [apiv2][body] POST https://www.googleapis.com/identitytoolkit/v3/relyingparty/downloadAccount {"targetProjectId":"preciojustoprod","maxResults":1000}
[debug] [2026-07-05T16:46:10.531Z] <<< [apiv2][status] POST https://www.googleapis.com/identitytoolkit/v3/relyingparty/downloadAccount 200
[debug] [2026-07-05T16:46:10.531Z] <<< [apiv2][body] POST https://www.googleapis.com/identitytoolkit/v3/relyingparty/downloadAccount [omitted]
[info] +  Exported 14 account(s) successfully. 
[debug] [2026-07-05T23:16:57.275Z] ----------------------------------------------------------------------
[debug] [2026-07-05T23:16:57.279Z] Command:       C:\Program Files\nodejs\node.exe C:\Users\Omat\AppData\Local\npm-cache\_npx\7750544ccf494d8b\node_modules\firebase-tools\lib\bin\firebase.js auth:export C:\Users\Omat\AppData\Local\Temp\preciojusto-usuarios-check.json --project preciojustoprod --format=json
[debug] [2026-07-05T23:16:57.279Z] CLI Version:   15.22.4
[debug] [2026-07-05T23:16:57.279Z] Platform:      win32
[debug] [2026-07-05T23:16:57.280Z] Node Version:  v22.13.0
[debug] [2026-07-05T23:16:57.281Z] Detected Agent: codex_cli
[debug] [2026-07-05T23:16:57.281Z] Time:          Sun Jul 05 2026 20:16:57 GMT-0300 (hora estándar de Uruguay)
[debug] [2026-07-05T23:16:57.283Z] ----------------------------------------------------------------------
[debug] 
[debug] [2026-07-05T23:16:57.730Z] > command requires scopes: ["email","openid","https://www.googleapis.com/auth/cloudplatformprojects.readonly","https://www.googleapis.com/auth/firebase","https://www.googleapis.com/auth/cloud-platform"]
[debug] [2026-07-05T23:16:57.733Z] > authorizing via signed-in user (leodevapps.75@gmail.com)
[debug] [2026-07-05T23:16:57.733Z] [iam] checking project preciojustoprod for permissions ["firebase.projects.get","firebaseauth.users.get"]
[debug] [2026-07-05T23:16:57.735Z] Checked if tokens are valid: false, expires at: 1783273568337
[debug] [2026-07-05T23:16:57.736Z] Checked if tokens are valid: false, expires at: 1783273568337
[debug] [2026-07-05T23:16:57.736Z] > refreshing access token with scopes: []
[debug] [2026-07-05T23:16:57.739Z] >>> [apiv2][query] POST https://www.googleapis.com/oauth2/v3/token [none]
[debug] [2026-07-05T23:16:57.740Z] >>> [apiv2][body] POST https://www.googleapis.com/oauth2/v3/token [omitted]
[debug] [2026-07-05T23:16:58.021Z] <<< [apiv2][status] POST https://www.googleapis.com/oauth2/v3/token 200
[debug] [2026-07-05T23:16:58.022Z] <<< [apiv2][body] POST https://www.googleapis.com/oauth2/v3/token [omitted]
[debug] [2026-07-05T23:16:58.043Z] >>> [apiv2][query] POST https://cloudresourcemanager.googleapis.com/v1/projects/preciojustoprod:testIamPermissions [none]
[debug] [2026-07-05T23:16:58.043Z] >>> [apiv2][(partial)header] POST https://cloudresourcemanager.googleapis.com/v1/projects/preciojustoprod:testIamPermissions  x-goog-user-project=preciojustoprod
[debug] [2026-07-05T23:16:58.043Z] >>> [apiv2][body] POST https://cloudresourcemanager.googleapis.com/v1/projects/preciojustoprod:testIamPermissions {"permissions":["firebase.projects.get","firebaseauth.users.get"]}
[debug] [2026-07-05T23:16:58.957Z] <<< [apiv2][status] POST https://cloudresourcemanager.googleapis.com/v1/projects/preciojustoprod:testIamPermissions 200
[debug] [2026-07-05T23:16:58.957Z] <<< [apiv2][body] POST https://cloudresourcemanager.googleapis.com/v1/projects/preciojustoprod:testIamPermissions {"permissions":["firebase.projects.get","firebaseauth.users.get"]}
[info] Exporting accounts to C:\Users\Omat\AppData\Local\Temp\preciojusto-usuarios-check.json
[debug] [2026-07-05T23:16:58.958Z] Checked if tokens are valid: true, expires at: 1783297017023
[debug] [2026-07-05T23:16:58.959Z] Checked if tokens are valid: true, expires at: 1783297017023
[debug] [2026-07-05T23:16:58.959Z] >>> [apiv2][query] POST https://www.googleapis.com/identitytoolkit/v3/relyingparty/downloadAccount [none]
[debug] [2026-07-05T23:16:58.959Z] >>> [apiv2][body] POST https://www.googleapis.com/identitytoolkit/v3/relyingparty/downloadAccount {"targetProjectId":"preciojustoprod","maxResults":1000}
[debug] [2026-07-05T23:16:59.265Z] <<< [apiv2][status] POST https://www.googleapis.com/identitytoolkit/v3/relyingparty/downloadAccount 200
[debug] [2026-07-05T23:16:59.266Z] <<< [apiv2][body] POST https://www.googleapis.com/identitytoolkit/v3/relyingparty/downloadAccount [omitted]
[info] +  Exported 14 account(s) successfully. 
[debug] [2026-07-14T09:55:43.477Z] ----------------------------------------------------------------------
[debug] [2026-07-14T09:55:43.480Z] Command:       C:\Program Files\nodejs\node.exe C:\Users\Omat\AppData\Local\npm-cache\_npx\7750544ccf494d8b\node_modules\firebase-tools\lib\bin\firebase.js projects:list
[debug] [2026-07-14T09:55:43.481Z] CLI Version:   15.23.0
[debug] [2026-07-14T09:55:43.481Z] Platform:      win32
[debug] [2026-07-14T09:55:43.481Z] Node Version:  v22.13.0
[debug] [2026-07-14T09:55:43.482Z] Detected Agent: codex_cli
[debug] [2026-07-14T09:55:43.482Z] Time:          Tue Jul 14 2026 06:55:43 GMT-0300 (hora estándar de Uruguay)
[debug] [2026-07-14T09:55:43.482Z] ----------------------------------------------------------------------
[debug] 
[debug] [2026-07-14T09:55:43.504Z] >>> [apiv2][query] GET https://firebase-public.firebaseio.com/cli.json [none]
[debug] [2026-07-14T09:55:43.928Z] > command requires scopes: ["email","openid","https://www.googleapis.com/auth/cloudplatformprojects.readonly","https://www.googleapis.com/auth/firebase","https://www.googleapis.com/auth/cloud-platform"]
[debug] [2026-07-14T09:55:43.929Z] > authorizing via signed-in user (leodevapps.75@gmail.com)
[debug] [2026-07-14T09:55:43.935Z] Checked if tokens are valid: false, expires at: 1783471894082
[debug] [2026-07-14T09:55:43.935Z] Checked if tokens are valid: false, expires at: 1783471894082
[debug] [2026-07-14T09:55:43.936Z] > refreshing access token with scopes: []
[debug] [2026-07-14T09:55:43.939Z] >>> [apiv2][query] POST https://www.googleapis.com/oauth2/v3/token [none]
[debug] [2026-07-14T09:55:43.939Z] >>> [apiv2][body] POST https://www.googleapis.com/oauth2/v3/token [omitted]
[debug] [2026-07-14T09:55:44.105Z] <<< [apiv2][status] POST https://www.googleapis.com/oauth2/v3/token 200
[debug] [2026-07-14T09:55:44.105Z] <<< [apiv2][body] POST https://www.googleapis.com/oauth2/v3/token [omitted]
[debug] [2026-07-14T09:55:44.123Z] >>> [apiv2][query] GET https://firebase.googleapis.com/v1beta1/projects pageSize=1000
[debug] [2026-07-14T09:55:44.343Z] <<< [apiv2][status] GET https://firebase-public.firebaseio.com/cli.json 200
[debug] [2026-07-14T09:55:44.343Z] <<< [apiv2][body] GET https://firebase-public.firebaseio.com/cli.json {"cloudBuildErrorAfter":1594252800000,"cloudBuildWarnAfter":1590019200000,"defaultNode10After":1594252800000,"minVersion":"3.0.5","node8DeploysDisabledAfter":1613390400000,"node8RuntimeDisabledAfter":1615809600000,"node8WarnAfter":1600128000000}
[debug] [2026-07-14T09:55:44.827Z] <<< [apiv2][status] GET https://firebase.googleapis.com/v1beta1/projects 200
[debug] [2026-07-14T10:00:01.436Z] ----------------------------------------------------------------------
[debug] [2026-07-14T10:00:01.442Z] Command:       C:\Program Files\nodejs\node.exe C:\Users\Omat\AppData\Local\npm-cache\_npx\7750544ccf494d8b\node_modules\firebase-tools\lib\bin\firebase.js deploy --only auth --project preciojustoprod
[debug] [2026-07-14T10:00:01.443Z] CLI Version:   15.23.0
[debug] [2026-07-14T10:00:01.443Z] Platform:      win32
[debug] [2026-07-14T10:00:01.443Z] Node Version:  v22.13.0
[debug] [2026-07-14T10:00:01.444Z] Detected Agent: codex_cli
[debug] [2026-07-14T10:00:01.444Z] Time:          Tue Jul 14 2026 07:00:01 GMT-0300 (hora estándar de Uruguay)
[debug] [2026-07-14T10:00:01.444Z] ----------------------------------------------------------------------
[debug] 
[debug] [2026-07-14T10:00:11.670Z] > command requires scopes: ["email","openid","https://www.googleapis.com/auth/cloudplatformprojects.readonly","https://www.googleapis.com/auth/firebase","https://www.googleapis.com/auth/cloud-platform"]
[debug] [2026-07-14T10:00:11.671Z] > authorizing via signed-in user (leodevapps.75@gmail.com)
[debug] [2026-07-14T10:00:11.671Z] [iam] checking project preciojustoprod for permissions ["firebase.projects.get","firebase.projects.update","firebaseauth.configs.update"]
[debug] [2026-07-14T10:00:11.690Z] Checked if tokens are valid: true, expires at: 1784026543105
[debug] [2026-07-14T10:00:11.691Z] Checked if tokens are valid: true, expires at: 1784026543105
[debug] [2026-07-14T10:00:11.693Z] >>> [apiv2][query] POST https://cloudresourcemanager.googleapis.com/v1/projects/preciojustoprod:testIamPermissions [none]
[debug] [2026-07-14T10:00:11.694Z] >>> [apiv2][(partial)header] POST https://cloudresourcemanager.googleapis.com/v1/projects/preciojustoprod:testIamPermissions  x-goog-user-project=preciojustoprod
[debug] [2026-07-14T10:00:11.694Z] >>> [apiv2][body] POST https://cloudresourcemanager.googleapis.com/v1/projects/preciojustoprod:testIamPermissions {"permissions":["firebase.projects.get","firebase.projects.update","firebaseauth.configs.update"]}
[debug] [2026-07-14T10:00:12.726Z] <<< [apiv2][status] POST https://cloudresourcemanager.googleapis.com/v1/projects/preciojustoprod:testIamPermissions 200
[debug] [2026-07-14T10:00:12.727Z] <<< [apiv2][body] POST https://cloudresourcemanager.googleapis.com/v1/projects/preciojustoprod:testIamPermissions {"permissions":["firebase.projects.get","firebase.projects.update","firebaseauth.configs.update"]}
[info] 
[info] === Deploying to 'preciojustoprod'...
[info] 
[info] i  deploying auth 
[debug] [2026-07-14T10:00:12.731Z] Checked if tokens are valid: true, expires at: 1784026543105
[debug] [2026-07-14T10:00:12.731Z] Checked if tokens are valid: true, expires at: 1784026543105
[debug] [2026-07-14T10:00:12.732Z] >>> [apiv2][query] GET https://firebase.googleapis.com/v1beta1/projects/preciojustoprod/webApps pageSize=100
[debug] [2026-07-14T10:00:13.375Z] <<< [apiv2][status] GET https://firebase.googleapis.com/v1beta1/projects/preciojustoprod/webApps 200
[debug] [2026-07-14T10:00:13.375Z] <<< [apiv2][body] GET https://firebase.googleapis.com/v1beta1/projects/preciojustoprod/webApps {"apps":[{"name":"projects/preciojustoprod/webApps/1:809147089510:web:a249b53fef415f879463a7","appId":"1:809147089510:web:a249b53fef415f879463a7","displayName":"PrecioJustoWebProd","projectId":"preciojustoprod","webId":"NWZkZWRmMTQtYzQ5ZS00MWU4LThjNjAtNWE2ZTViZTNmNDQw","apiKeyId":"12156a71-021a-4ffb-a74d-84f04abfa325","state":"ACTIVE","expireTime":"1970-01-01T00:00:00Z","etag":"1_1a863461-b1e8-4b95-a672-39a848a94562"}]}
[info] Enabling auth providers: email/password, Google sign-in...
[debug] [2026-07-14T10:00:13.377Z] [provision] Starting Firebase app provisioning...
[debug] [2026-07-14T10:00:13.377Z] [provision] Request: {
  "appNamespace": "1:809147089510:web:a249b53fef415f879463a7",
  "parent": "projects/preciojustoprod",
  "firebaseAuthInput": {
    "emailAuthProviderMode": "PROVIDER_ENABLED",
    "googleSigninProviderMode": "PROVIDER_ENABLED",
    "googleSigninProviderConfig": {
      "publicDisplayName": "Precio Justo",
      "customerSupportEmail": "leodevapps.75@gmail.com",
      "oauthRedirectUris": [
        "http://localhost:9000"
      ]
    }
  },
  "webInput": {}
}
[debug] [2026-07-14T10:00:13.378Z] Checked if tokens are valid: true, expires at: 1784026543105
[debug] [2026-07-14T10:00:13.378Z] Checked if tokens are valid: true, expires at: 1784026543105
[debug] [2026-07-14T10:00:13.378Z] >>> [apiv2][query] POST https://firebase.googleapis.com/v1alpha/firebase:provisionFirebaseApp [none]
[debug] [2026-07-14T10:00:13.379Z] >>> [apiv2][body] POST https://firebase.googleapis.com/v1alpha/firebase:provisionFirebaseApp {"appNamespace":"1:809147089510:web:a249b53fef415f879463a7","parent":"projects/preciojustoprod","firebaseAuthInput":{"emailAuthProviderMode":"PROVIDER_ENABLED","googleSigninProviderMode":"PROVIDER_ENABLED","googleSigninProviderConfig":{"publicDisplayName":"Precio Justo","customerSupportEmail":"leodevapps.75@gmail.com","oauthRedirectUris":["http://localhost:9000"]}},"webInput":{}}
[debug] [2026-07-14T10:00:14.921Z] <<< [apiv2][status] POST https://firebase.googleapis.com/v1alpha/firebase:provisionFirebaseApp 200
[debug] [2026-07-14T10:00:14.922Z] <<< [apiv2][body] POST https://firebase.googleapis.com/v1alpha/firebase:provisionFirebaseApp {"name":"operations/workflows/YTU4YTg2MDQtYWQwOC00ZTI3LTlhNzMtYWFmZWNlNDU2MGU2"}
[debug] [2026-07-14T10:00:14.922Z] [provision] Operation started: operations/workflows/YTU4YTg2MDQtYWQwOC00ZTI3LTlhNzMtYWFmZWNlNDU2MGU2
[debug] [2026-07-14T10:00:14.922Z] [provision] Polling for operation completion...
[debug] [2026-07-14T10:00:14.923Z] Checked if tokens are valid: true, expires at: 1784026543105
[debug] [2026-07-14T10:00:14.923Z] Checked if tokens are valid: true, expires at: 1784026543105
[debug] [2026-07-14T10:00:14.924Z] >>> [apiv2][query] GET https://firebase.googleapis.com/v1beta1/operations/workflows/YTU4YTg2MDQtYWQwOC00ZTI3LTlhNzMtYWFmZWNlNDU2MGU2 [none]
[debug] [2026-07-14T10:00:15.480Z] <<< [apiv2][status] GET https://firebase.googleapis.com/v1beta1/operations/workflows/YTU4YTg2MDQtYWQwOC00ZTI3LTlhNzMtYWFmZWNlNDU2MGU2 200
[debug] [2026-07-14T10:00:15.481Z] <<< [apiv2][body] GET https://firebase.googleapis.com/v1beta1/operations/workflows/YTU4YTg2MDQtYWQwOC00ZTI3LTlhNzMtYWFmZWNlNDU2MGU2 {"name":"operations/workflows/YTU4YTg2MDQtYWQwOC00ZTI3LTlhNzMtYWFmZWNlNDU2MGU2"}
[debug] [2026-07-14T10:00:15.688Z] [Provision Firebase App Poller] Retrying task index 0
[debug] [2026-07-14T10:00:15.688Z] Checked if tokens are valid: true, expires at: 1784026543105
[debug] [2026-07-14T10:00:15.689Z] Checked if tokens are valid: true, expires at: 1784026543105
[debug] [2026-07-14T10:00:15.689Z] >>> [apiv2][query] GET https://firebase.googleapis.com/v1beta1/operations/workflows/YTU4YTg2MDQtYWQwOC00ZTI3LTlhNzMtYWFmZWNlNDU2MGU2 [none]
[debug] [2026-07-14T10:00:16.339Z] <<< [apiv2][status] GET https://firebase.googleapis.com/v1beta1/operations/workflows/YTU4YTg2MDQtYWQwOC00ZTI3LTlhNzMtYWFmZWNlNDU2MGU2 200
[debug] [2026-07-14T10:00:16.340Z] <<< [apiv2][body] GET https://firebase.googleapis.com/v1beta1/operations/workflows/YTU4YTg2MDQtYWQwOC00ZTI3LTlhNzMtYWFmZWNlNDU2MGU2 {"name":"operations/workflows/YTU4YTg2MDQtYWQwOC00ZTI3LTlhNzMtYWFmZWNlNDU2MGU2"}
[debug] [2026-07-14T10:00:16.754Z] [Provision Firebase App Poller] Retrying task index 0
[debug] [2026-07-14T10:00:16.755Z] Checked if tokens are valid: true, expires at: 1784026543105
[debug] [2026-07-14T10:00:16.755Z] Checked if tokens are valid: true, expires at: 1784026543105
[debug] [2026-07-14T10:00:16.755Z] >>> [apiv2][query] GET https://firebase.googleapis.com/v1beta1/operations/workflows/YTU4YTg2MDQtYWQwOC00ZTI3LTlhNzMtYWFmZWNlNDU2MGU2 [none]
[debug] [2026-07-14T10:00:17.368Z] <<< [apiv2][status] GET https://firebase.googleapis.com/v1beta1/operations/workflows/YTU4YTg2MDQtYWQwOC00ZTI3LTlhNzMtYWFmZWNlNDU2MGU2 200
[debug] [2026-07-14T10:00:17.369Z] <<< [apiv2][body] GET https://firebase.googleapis.com/v1beta1/operations/workflows/YTU4YTg2MDQtYWQwOC00ZTI3LTlhNzMtYWFmZWNlNDU2MGU2 {"name":"operations/workflows/YTU4YTg2MDQtYWQwOC00ZTI3LTlhNzMtYWFmZWNlNDU2MGU2"}
[debug] [2026-07-14T10:00:18.176Z] [Provision Firebase App Poller] Retrying task index 0
[debug] [2026-07-14T10:00:18.177Z] Checked if tokens are valid: true, expires at: 1784026543105
[debug] [2026-07-14T10:00:18.177Z] Checked if tokens are valid: true, expires at: 1784026543105
[debug] [2026-07-14T10:00:18.177Z] >>> [apiv2][query] GET https://firebase.googleapis.com/v1beta1/operations/workflows/YTU4YTg2MDQtYWQwOC00ZTI3LTlhNzMtYWFmZWNlNDU2MGU2 [none]
[debug] [2026-07-14T10:00:18.742Z] <<< [apiv2][status] GET https://firebase.googleapis.com/v1beta1/operations/workflows/YTU4YTg2MDQtYWQwOC00ZTI3LTlhNzMtYWFmZWNlNDU2MGU2 200
[debug] [2026-07-14T10:00:18.742Z] <<< [apiv2][body] GET https://firebase.googleapis.com/v1beta1/operations/workflows/YTU4YTg2MDQtYWQwOC00ZTI3LTlhNzMtYWFmZWNlNDU2MGU2 {"name":"operations/workflows/YTU4YTg2MDQtYWQwOC00ZTI3LTlhNzMtYWFmZWNlNDU2MGU2"}
[debug] [2026-07-14T10:00:20.346Z] [Provision Firebase App Poller] Retrying task index 0
[debug] [2026-07-14T10:00:20.347Z] Checked if tokens are valid: true, expires at: 1784026543105
[debug] [2026-07-14T10:00:20.347Z] Checked if tokens are valid: true, expires at: 1784026543105
[debug] [2026-07-14T10:00:20.348Z] >>> [apiv2][query] GET https://firebase.googleapis.com/v1beta1/operations/workflows/YTU4YTg2MDQtYWQwOC00ZTI3LTlhNzMtYWFmZWNlNDU2MGU2 [none]
[debug] [2026-07-14T10:00:20.903Z] <<< [apiv2][status] GET https://firebase.googleapis.com/v1beta1/operations/workflows/YTU4YTg2MDQtYWQwOC00ZTI3LTlhNzMtYWFmZWNlNDU2MGU2 200
[debug] [2026-07-14T10:00:20.903Z] <<< [apiv2][body] GET https://firebase.googleapis.com/v1beta1/operations/workflows/YTU4YTg2MDQtYWQwOC00ZTI3LTlhNzMtYWFmZWNlNDU2MGU2 {"name":"operations/workflows/YTU4YTg2MDQtYWQwOC00ZTI3LTlhNzMtYWFmZWNlNDU2MGU2"}
[debug] [2026-07-14T10:00:24.103Z] [Provision Firebase App Poller] Retrying task index 0
[debug] [2026-07-14T10:00:24.104Z] Checked if tokens are valid: true, expires at: 1784026543105
[debug] [2026-07-14T10:00:24.104Z] Checked if tokens are valid: true, expires at: 1784026543105
[debug] [2026-07-14T10:00:24.104Z] >>> [apiv2][query] GET https://firebase.googleapis.com/v1beta1/operations/workflows/YTU4YTg2MDQtYWQwOC00ZTI3LTlhNzMtYWFmZWNlNDU2MGU2 [none]
[debug] [2026-07-14T10:00:24.718Z] <<< [apiv2][status] GET https://firebase.googleapis.com/v1beta1/operations/workflows/YTU4YTg2MDQtYWQwOC00ZTI3LTlhNzMtYWFmZWNlNDU2MGU2 200
[debug] [2026-07-14T10:00:24.718Z] <<< [apiv2][body] GET https://firebase.googleapis.com/v1beta1/operations/workflows/YTU4YTg2MDQtYWQwOC00ZTI3LTlhNzMtYWFmZWNlNDU2MGU2 {"name":"operations/workflows/YTU4YTg2MDQtYWQwOC00ZTI3LTlhNzMtYWFmZWNlNDU2MGU2","done":true,"error":{"code":3,"message":"PROVISION_WEB_OAUTH_CLIENT_TASK: com.google.identity.boq.idaas.exception.GitkitClientException: code: INVALID_VALUE\nhttp status: 400\narguments: [INVALID_AUTHORIZED_DOMAIN : localhost:9000 should only contain the valid domain.]\n","details":[{"@type":"type.googleapis.com/util.StatusProto","code":3,"space":"generic","message":"PROVISION_WEB_OAUTH_CLIENT_TASK: com.google.identity.boq.idaas.exception.GitkitClientException: code: INVALID_VALUE\nhttp status: 400\narguments: [INVALID_AUTHORIZED_DOMAIN : localhost:9000 should only contain the valid domain.]\n"}]}}
[debug] [2026-07-14T10:00:24.721Z] FirebaseError: PROVISION_WEB_OAUTH_CLIENT_TASK: com.google.identity.boq.idaas.exception.GitkitClientException: code: INVALID_VALUE
http status: 400
arguments: [INVALID_AUTHORIZED_DOMAIN : localhost:9000 should only contain the valid domain.]

    at OperationPoller.poll (C:\Users\Omat\AppData\Local\npm-cache\_npx\7750544ccf494d8b\node_modules\firebase-tools\lib\operation-poller.js:25:19)
    at process.processTicksAndRejections (node:internal/process/task_queues:105:5)
    at async provisionFirebaseApp (C:\Users\Omat\AppData\Local\npm-cache\_npx\7750544ccf494d8b\node_modules\firebase-tools\lib\management\provisioning\provision.js:101:24)
    at async deploy (C:\Users\Omat\AppData\Local\npm-cache\_npx\7750544ccf494d8b\node_modules\firebase-tools\lib\deploy\auth\deploy.js:47:5)
    at async chain (C:\Users\Omat\AppData\Local\npm-cache\_npx\7750544ccf494d8b\node_modules\firebase-tools\lib\deploy\index.js:45:9)
    at async deploy (C:\Users\Omat\AppData\Local\npm-cache\_npx\7750544ccf494d8b\node_modules\firebase-tools\lib\deploy\index.js:126:9)
[error] 
[error] Error: Failed to provision Firebase app: PROVISION_WEB_OAUTH_CLIENT_TASK: com.google.identity.boq.idaas.exception.GitkitClientException: code: INVALID_VALUE
http status: 400
arguments: [INVALID_AUTHORIZED_DOMAIN : localhost:9000 should only contain the valid domain.]

[debug] [2026-07-14T10:00:47.801Z] ----------------------------------------------------------------------
[debug] [2026-07-14T10:00:47.806Z] Command:       C:\Program Files\nodejs\node.exe C:\Users\Omat\AppData\Local\npm-cache\_npx\7750544ccf494d8b\node_modules\firebase-tools\lib\bin\firebase.js deploy --only auth --project preciojustoprod
[debug] [2026-07-14T10:00:47.807Z] CLI Version:   15.23.0
[debug] [2026-07-14T10:00:47.808Z] Platform:      win32
[debug] [2026-07-14T10:00:47.808Z] Node Version:  v22.13.0
[debug] [2026-07-14T10:00:47.809Z] Detected Agent: codex_cli
[debug] [2026-07-14T10:00:47.809Z] Time:          Tue Jul 14 2026 07:00:47 GMT-0300 (hora estándar de Uruguay)
[debug] [2026-07-14T10:00:47.810Z] ----------------------------------------------------------------------
[debug] 
[debug] [2026-07-14T10:00:52.066Z] > command requires scopes: ["email","openid","https://www.googleapis.com/auth/cloudplatformprojects.readonly","https://www.googleapis.com/auth/firebase","https://www.googleapis.com/auth/cloud-platform"]
[debug] [2026-07-14T10:00:52.067Z] > authorizing via signed-in user (leodevapps.75@gmail.com)
[debug] [2026-07-14T10:00:52.067Z] [iam] checking project preciojustoprod for permissions ["firebase.projects.get","firebase.projects.update","firebaseauth.configs.update"]
[debug] [2026-07-14T10:00:52.083Z] Checked if tokens are valid: true, expires at: 1784026543105
[debug] [2026-07-14T10:00:52.084Z] Checked if tokens are valid: true, expires at: 1784026543105
[debug] [2026-07-14T10:00:52.086Z] >>> [apiv2][query] POST https://cloudresourcemanager.googleapis.com/v1/projects/preciojustoprod:testIamPermissions [none]
[debug] [2026-07-14T10:00:52.086Z] >>> [apiv2][(partial)header] POST https://cloudresourcemanager.googleapis.com/v1/projects/preciojustoprod:testIamPermissions  x-goog-user-project=preciojustoprod
[debug] [2026-07-14T10:00:52.086Z] >>> [apiv2][body] POST https://cloudresourcemanager.googleapis.com/v1/projects/preciojustoprod:testIamPermissions {"permissions":["firebase.projects.get","firebase.projects.update","firebaseauth.configs.update"]}
[debug] [2026-07-14T10:00:53.045Z] <<< [apiv2][status] POST https://cloudresourcemanager.googleapis.com/v1/projects/preciojustoprod:testIamPermissions 200
[debug] [2026-07-14T10:00:53.046Z] <<< [apiv2][body] POST https://cloudresourcemanager.googleapis.com/v1/projects/preciojustoprod:testIamPermissions {"permissions":["firebase.projects.get","firebase.projects.update","firebaseauth.configs.update"]}
[info] 
[info] === Deploying to 'preciojustoprod'...
[info] 
[info] i  deploying auth 
[debug] [2026-07-14T10:00:53.052Z] Checked if tokens are valid: true, expires at: 1784026543105
[debug] [2026-07-14T10:00:53.052Z] Checked if tokens are valid: true, expires at: 1784026543105
[debug] [2026-07-14T10:00:53.052Z] >>> [apiv2][query] GET https://firebase.googleapis.com/v1beta1/projects/preciojustoprod/webApps pageSize=100
[debug] [2026-07-14T10:00:53.668Z] <<< [apiv2][status] GET https://firebase.googleapis.com/v1beta1/projects/preciojustoprod/webApps 200
[debug] [2026-07-14T10:00:53.668Z] <<< [apiv2][body] GET https://firebase.googleapis.com/v1beta1/projects/preciojustoprod/webApps {"apps":[{"name":"projects/preciojustoprod/webApps/1:809147089510:web:a249b53fef415f879463a7","appId":"1:809147089510:web:a249b53fef415f879463a7","displayName":"PrecioJustoWebProd","projectId":"preciojustoprod","webId":"NWZkZWRmMTQtYzQ5ZS00MWU4LThjNjAtNWE2ZTViZTNmNDQw","apiKeyId":"12156a71-021a-4ffb-a74d-84f04abfa325","state":"ACTIVE","expireTime":"1970-01-01T00:00:00Z","etag":"1_1a863461-b1e8-4b95-a672-39a848a94562"}]}
[info] Enabling auth providers: email/password, Google sign-in...
[debug] [2026-07-14T10:00:53.670Z] [provision] Starting Firebase app provisioning...
[debug] [2026-07-14T10:00:53.670Z] [provision] Request: {
  "appNamespace": "1:809147089510:web:a249b53fef415f879463a7",
  "parent": "projects/preciojustoprod",
  "firebaseAuthInput": {
    "emailAuthProviderMode": "PROVIDER_ENABLED",
    "googleSigninProviderMode": "PROVIDER_ENABLED",
    "googleSigninProviderConfig": {
      "publicDisplayName": "Precio Justo",
      "customerSupportEmail": "leodevapps.75@gmail.com",
      "oauthRedirectUris": [
        "localhost"
      ]
    }
  },
  "webInput": {}
}
[debug] [2026-07-14T10:00:53.670Z] Checked if tokens are valid: true, expires at: 1784026543105
[debug] [2026-07-14T10:00:53.671Z] Checked if tokens are valid: true, expires at: 1784026543105
[debug] [2026-07-14T10:00:53.671Z] >>> [apiv2][query] POST https://firebase.googleapis.com/v1alpha/firebase:provisionFirebaseApp [none]
[debug] [2026-07-14T10:00:53.671Z] >>> [apiv2][body] POST https://firebase.googleapis.com/v1alpha/firebase:provisionFirebaseApp {"appNamespace":"1:809147089510:web:a249b53fef415f879463a7","parent":"projects/preciojustoprod","firebaseAuthInput":{"emailAuthProviderMode":"PROVIDER_ENABLED","googleSigninProviderMode":"PROVIDER_ENABLED","googleSigninProviderConfig":{"publicDisplayName":"Precio Justo","customerSupportEmail":"leodevapps.75@gmail.com","oauthRedirectUris":["localhost"]}},"webInput":{}}
[debug] [2026-07-14T10:00:54.941Z] <<< [apiv2][status] POST https://firebase.googleapis.com/v1alpha/firebase:provisionFirebaseApp 200
[debug] [2026-07-14T10:00:54.942Z] <<< [apiv2][body] POST https://firebase.googleapis.com/v1alpha/firebase:provisionFirebaseApp {"name":"operations/workflows/MzZkYzlkNzEtYjA3ZS00Y2UwLTlkMzUtOWYyOTkyNjdiNjc2"}
[debug] [2026-07-14T10:00:54.942Z] [provision] Operation started: operations/workflows/MzZkYzlkNzEtYjA3ZS00Y2UwLTlkMzUtOWYyOTkyNjdiNjc2
[debug] [2026-07-14T10:00:54.942Z] [provision] Polling for operation completion...
[debug] [2026-07-14T10:00:54.943Z] Checked if tokens are valid: true, expires at: 1784026543105
[debug] [2026-07-14T10:00:54.944Z] Checked if tokens are valid: true, expires at: 1784026543105
[debug] [2026-07-14T10:00:54.944Z] >>> [apiv2][query] GET https://firebase.googleapis.com/v1beta1/operations/workflows/MzZkYzlkNzEtYjA3ZS00Y2UwLTlkMzUtOWYyOTkyNjdiNjc2 [none]
[debug] [2026-07-14T10:00:55.497Z] <<< [apiv2][status] GET https://firebase.googleapis.com/v1beta1/operations/workflows/MzZkYzlkNzEtYjA3ZS00Y2UwLTlkMzUtOWYyOTkyNjdiNjc2 200
[debug] [2026-07-14T10:00:55.497Z] <<< [apiv2][body] GET https://firebase.googleapis.com/v1beta1/operations/workflows/MzZkYzlkNzEtYjA3ZS00Y2UwLTlkMzUtOWYyOTkyNjdiNjc2 {"name":"operations/workflows/MzZkYzlkNzEtYjA3ZS00Y2UwLTlkMzUtOWYyOTkyNjdiNjc2"}
[debug] [2026-07-14T10:00:55.713Z] [Provision Firebase App Poller] Retrying task index 0
[debug] [2026-07-14T10:00:55.714Z] Checked if tokens are valid: true, expires at: 1784026543105
[debug] [2026-07-14T10:00:55.714Z] Checked if tokens are valid: true, expires at: 1784026543105
[debug] [2026-07-14T10:00:55.715Z] >>> [apiv2][query] GET https://firebase.googleapis.com/v1beta1/operations/workflows/MzZkYzlkNzEtYjA3ZS00Y2UwLTlkMzUtOWYyOTkyNjdiNjc2 [none]
[debug] [2026-07-14T10:00:56.261Z] <<< [apiv2][status] GET https://firebase.googleapis.com/v1beta1/operations/workflows/MzZkYzlkNzEtYjA3ZS00Y2UwLTlkMzUtOWYyOTkyNjdiNjc2 200
[debug] [2026-07-14T10:00:56.262Z] <<< [apiv2][body] GET https://firebase.googleapis.com/v1beta1/operations/workflows/MzZkYzlkNzEtYjA3ZS00Y2UwLTlkMzUtOWYyOTkyNjdiNjc2 {"name":"operations/workflows/MzZkYzlkNzEtYjA3ZS00Y2UwLTlkMzUtOWYyOTkyNjdiNjc2"}
[debug] [2026-07-14T10:00:56.667Z] [Provision Firebase App Poller] Retrying task index 0
[debug] [2026-07-14T10:00:56.667Z] Checked if tokens are valid: true, expires at: 1784026543105
[debug] [2026-07-14T10:00:56.667Z] Checked if tokens are valid: true, expires at: 1784026543105
[debug] [2026-07-14T10:00:56.668Z] >>> [apiv2][query] GET https://firebase.googleapis.com/v1beta1/operations/workflows/MzZkYzlkNzEtYjA3ZS00Y2UwLTlkMzUtOWYyOTkyNjdiNjc2 [none]
[debug] [2026-07-14T10:00:57.275Z] <<< [apiv2][status] GET https://firebase.googleapis.com/v1beta1/operations/workflows/MzZkYzlkNzEtYjA3ZS00Y2UwLTlkMzUtOWYyOTkyNjdiNjc2 200
[debug] [2026-07-14T10:00:57.275Z] <<< [apiv2][body] GET https://firebase.googleapis.com/v1beta1/operations/workflows/MzZkYzlkNzEtYjA3ZS00Y2UwLTlkMzUtOWYyOTkyNjdiNjc2 {"name":"operations/workflows/MzZkYzlkNzEtYjA3ZS00Y2UwLTlkMzUtOWYyOTkyNjdiNjc2"}
[debug] [2026-07-14T10:00:58.083Z] [Provision Firebase App Poller] Retrying task index 0
[debug] [2026-07-14T10:00:58.084Z] Checked if tokens are valid: true, expires at: 1784026543105
[debug] [2026-07-14T10:00:58.084Z] Checked if tokens are valid: true, expires at: 1784026543105
[debug] [2026-07-14T10:00:58.085Z] >>> [apiv2][query] GET https://firebase.googleapis.com/v1beta1/operations/workflows/MzZkYzlkNzEtYjA3ZS00Y2UwLTlkMzUtOWYyOTkyNjdiNjc2 [none]
[debug] [2026-07-14T10:00:58.588Z] <<< [apiv2][status] GET https://firebase.googleapis.com/v1beta1/operations/workflows/MzZkYzlkNzEtYjA3ZS00Y2UwLTlkMzUtOWYyOTkyNjdiNjc2 200
[debug] [2026-07-14T10:00:58.588Z] <<< [apiv2][body] GET https://firebase.googleapis.com/v1beta1/operations/workflows/MzZkYzlkNzEtYjA3ZS00Y2UwLTlkMzUtOWYyOTkyNjdiNjc2 {"name":"operations/workflows/MzZkYzlkNzEtYjA3ZS00Y2UwLTlkMzUtOWYyOTkyNjdiNjc2"}
[debug] [2026-07-14T10:01:00.193Z] [Provision Firebase App Poller] Retrying task index 0
[debug] [2026-07-14T10:01:00.194Z] Checked if tokens are valid: true, expires at: 1784026543105
[debug] [2026-07-14T10:01:00.194Z] Checked if tokens are valid: true, expires at: 1784026543105
[debug] [2026-07-14T10:01:00.194Z] >>> [apiv2][query] GET https://firebase.googleapis.com/v1beta1/operations/workflows/MzZkYzlkNzEtYjA3ZS00Y2UwLTlkMzUtOWYyOTkyNjdiNjc2 [none]
[debug] [2026-07-14T10:01:00.827Z] <<< [apiv2][status] GET https://firebase.googleapis.com/v1beta1/operations/workflows/MzZkYzlkNzEtYjA3ZS00Y2UwLTlkMzUtOWYyOTkyNjdiNjc2 200
[debug] [2026-07-14T10:01:00.827Z] <<< [apiv2][body] GET https://firebase.googleapis.com/v1beta1/operations/workflows/MzZkYzlkNzEtYjA3ZS00Y2UwLTlkMzUtOWYyOTkyNjdiNjc2 {"name":"operations/workflows/MzZkYzlkNzEtYjA3ZS00Y2UwLTlkMzUtOWYyOTkyNjdiNjc2"}
[debug] [2026-07-14T10:01:04.028Z] [Provision Firebase App Poller] Retrying task index 0
[debug] [2026-07-14T10:01:04.029Z] Checked if tokens are valid: true, expires at: 1784026543105
[debug] [2026-07-14T10:01:04.030Z] Checked if tokens are valid: true, expires at: 1784026543105
[debug] [2026-07-14T10:01:04.030Z] >>> [apiv2][query] GET https://firebase.googleapis.com/v1beta1/operations/workflows/MzZkYzlkNzEtYjA3ZS00Y2UwLTlkMzUtOWYyOTkyNjdiNjc2 [none]
[debug] [2026-07-14T10:01:04.557Z] <<< [apiv2][status] GET https://firebase.googleapis.com/v1beta1/operations/workflows/MzZkYzlkNzEtYjA3ZS00Y2UwLTlkMzUtOWYyOTkyNjdiNjc2 200
[debug] [2026-07-14T10:01:04.557Z] <<< [apiv2][body] GET https://firebase.googleapis.com/v1beta1/operations/workflows/MzZkYzlkNzEtYjA3ZS00Y2UwLTlkMzUtOWYyOTkyNjdiNjc2 {"name":"operations/workflows/MzZkYzlkNzEtYjA3ZS00Y2UwLTlkMzUtOWYyOTkyNjdiNjc2","done":true,"error":{"code":3,"message":"PROVISION_WEB_OAUTH_CLIENT_TASK: com.google.apps.framework.request.StatusException: <eye3 title='INVALID_ARGUMENT'/> client_auth_config::FIELD_INVALID: OAuth 2 redirect URL \"localhost\" is invalid.","details":[{"@type":"type.googleapis.com/util.StatusProto","code":3,"space":"generic","message":"PROVISION_WEB_OAUTH_CLIENT_TASK: com.google.apps.framework.request.StatusException: <eye3 title='INVALID_ARGUMENT'/> client_auth_config::FIELD_INVALID: OAuth 2 redirect URL \"localhost\" is invalid."}]}}
[debug] [2026-07-14T10:01:04.561Z] FirebaseError: PROVISION_WEB_OAUTH_CLIENT_TASK: com.google.apps.framework.request.StatusException: <eye3 title='INVALID_ARGUMENT'/> client_auth_config::FIELD_INVALID: OAuth 2 redirect URL "localhost" is invalid.
    at OperationPoller.poll (C:\Users\Omat\AppData\Local\npm-cache\_npx\7750544ccf494d8b\node_modules\firebase-tools\lib\operation-poller.js:25:19)
    at process.processTicksAndRejections (node:internal/process/task_queues:105:5)
    at async provisionFirebaseApp (C:\Users\Omat\AppData\Local\npm-cache\_npx\7750544ccf494d8b\node_modules\firebase-tools\lib\management\provisioning\provision.js:101:24)
    at async deploy (C:\Users\Omat\AppData\Local\npm-cache\_npx\7750544ccf494d8b\node_modules\firebase-tools\lib\deploy\auth\deploy.js:47:5)
    at async chain (C:\Users\Omat\AppData\Local\npm-cache\_npx\7750544ccf494d8b\node_modules\firebase-tools\lib\deploy\index.js:45:9)
    at async deploy (C:\Users\Omat\AppData\Local\npm-cache\_npx\7750544ccf494d8b\node_modules\firebase-tools\lib\deploy\index.js:126:9)
[error] 
[error] Error: Failed to provision Firebase app: PROVISION_WEB_OAUTH_CLIENT_TASK: com.google.apps.framework.request.StatusException: <eye3 title='INVALID_ARGUMENT'/> client_auth_config::FIELD_INVALID: OAuth 2 redirect URL "localhost" is invalid.
[debug] [2026-07-14T10:01:30.025Z] ----------------------------------------------------------------------
[debug] [2026-07-14T10:01:30.029Z] Command:       C:\Program Files\nodejs\node.exe C:\Users\Omat\AppData\Local\npm-cache\_npx\7750544ccf494d8b\node_modules\firebase-tools\lib\bin\firebase.js deploy --only auth --project preciojustoprod
[debug] [2026-07-14T10:01:30.030Z] CLI Version:   15.23.0
[debug] [2026-07-14T10:01:30.030Z] Platform:      win32
[debug] [2026-07-14T10:01:30.030Z] Node Version:  v22.13.0
[debug] [2026-07-14T10:01:30.031Z] Detected Agent: codex_cli
[debug] [2026-07-14T10:01:30.031Z] Time:          Tue Jul 14 2026 07:01:30 GMT-0300 (hora estándar de Uruguay)
[debug] [2026-07-14T10:01:30.031Z] ----------------------------------------------------------------------
[debug] 
[debug] [2026-07-14T10:01:34.010Z] > command requires scopes: ["email","openid","https://www.googleapis.com/auth/cloudplatformprojects.readonly","https://www.googleapis.com/auth/firebase","https://www.googleapis.com/auth/cloud-platform"]
[debug] [2026-07-14T10:01:34.011Z] > authorizing via signed-in user (leodevapps.75@gmail.com)
[debug] [2026-07-14T10:01:34.011Z] [iam] checking project preciojustoprod for permissions ["firebase.projects.get","firebase.projects.update","firebaseauth.configs.update"]
[debug] [2026-07-14T10:01:34.033Z] Checked if tokens are valid: true, expires at: 1784026543105
[debug] [2026-07-14T10:01:34.033Z] Checked if tokens are valid: true, expires at: 1784026543105
[debug] [2026-07-14T10:01:34.035Z] >>> [apiv2][query] POST https://cloudresourcemanager.googleapis.com/v1/projects/preciojustoprod:testIamPermissions [none]
[debug] [2026-07-14T10:01:34.036Z] >>> [apiv2][(partial)header] POST https://cloudresourcemanager.googleapis.com/v1/projects/preciojustoprod:testIamPermissions  x-goog-user-project=preciojustoprod
[debug] [2026-07-14T10:01:34.036Z] >>> [apiv2][body] POST https://cloudresourcemanager.googleapis.com/v1/projects/preciojustoprod:testIamPermissions {"permissions":["firebase.projects.get","firebase.projects.update","firebaseauth.configs.update"]}
[debug] [2026-07-14T10:01:34.995Z] <<< [apiv2][status] POST https://cloudresourcemanager.googleapis.com/v1/projects/preciojustoprod:testIamPermissions 200
[debug] [2026-07-14T10:01:34.995Z] <<< [apiv2][body] POST https://cloudresourcemanager.googleapis.com/v1/projects/preciojustoprod:testIamPermissions {"permissions":["firebase.projects.get","firebase.projects.update","firebaseauth.configs.update"]}
[info] 
[info] === Deploying to 'preciojustoprod'...
[info] 
[info] i  deploying auth 
[debug] [2026-07-14T10:01:35.002Z] Checked if tokens are valid: true, expires at: 1784026543105
[debug] [2026-07-14T10:01:35.002Z] Checked if tokens are valid: true, expires at: 1784026543105
[debug] [2026-07-14T10:01:35.003Z] >>> [apiv2][query] GET https://firebase.googleapis.com/v1beta1/projects/preciojustoprod/webApps pageSize=100
[debug] [2026-07-14T10:01:35.601Z] <<< [apiv2][status] GET https://firebase.googleapis.com/v1beta1/projects/preciojustoprod/webApps 200
[debug] [2026-07-14T10:01:35.602Z] <<< [apiv2][body] GET https://firebase.googleapis.com/v1beta1/projects/preciojustoprod/webApps {"apps":[{"name":"projects/preciojustoprod/webApps/1:809147089510:web:a249b53fef415f879463a7","appId":"1:809147089510:web:a249b53fef415f879463a7","displayName":"PrecioJustoWebProd","projectId":"preciojustoprod","webId":"NWZkZWRmMTQtYzQ5ZS00MWU4LThjNjAtNWE2ZTViZTNmNDQw","apiKeyId":"12156a71-021a-4ffb-a74d-84f04abfa325","state":"ACTIVE","expireTime":"1970-01-01T00:00:00Z","etag":"1_1a863461-b1e8-4b95-a672-39a848a94562"}]}
[info] Enabling auth providers: email/password, Google sign-in...
[debug] [2026-07-14T10:01:35.603Z] [provision] Starting Firebase app provisioning...
[debug] [2026-07-14T10:01:35.603Z] [provision] Request: {
  "appNamespace": "1:809147089510:web:a249b53fef415f879463a7",
  "parent": "projects/preciojustoprod",
  "firebaseAuthInput": {
    "emailAuthProviderMode": "PROVIDER_ENABLED",
    "googleSigninProviderMode": "PROVIDER_ENABLED",
    "googleSigninProviderConfig": {
      "publicDisplayName": "Precio Justo",
      "customerSupportEmail": "leodevapps.75@gmail.com"
    }
  },
  "webInput": {}
}
[debug] [2026-07-14T10:01:35.604Z] Checked if tokens are valid: true, expires at: 1784026543105
[debug] [2026-07-14T10:01:35.604Z] Checked if tokens are valid: true, expires at: 1784026543105
[debug] [2026-07-14T10:01:35.604Z] >>> [apiv2][query] POST https://firebase.googleapis.com/v1alpha/firebase:provisionFirebaseApp [none]
[debug] [2026-07-14T10:01:35.604Z] >>> [apiv2][body] POST https://firebase.googleapis.com/v1alpha/firebase:provisionFirebaseApp {"appNamespace":"1:809147089510:web:a249b53fef415f879463a7","parent":"projects/preciojustoprod","firebaseAuthInput":{"emailAuthProviderMode":"PROVIDER_ENABLED","googleSigninProviderMode":"PROVIDER_ENABLED","googleSigninProviderConfig":{"publicDisplayName":"Precio Justo","customerSupportEmail":"leodevapps.75@gmail.com"}},"webInput":{}}
[debug] [2026-07-14T10:01:37.137Z] <<< [apiv2][status] POST https://firebase.googleapis.com/v1alpha/firebase:provisionFirebaseApp 200
[debug] [2026-07-14T10:01:37.138Z] <<< [apiv2][body] POST https://firebase.googleapis.com/v1alpha/firebase:provisionFirebaseApp {"name":"operations/workflows/NzZhMjQ5N2ItZjRiNS00NzJmLTlmNmEtNzc4M2I4M2Y1ZGQ0"}
[debug] [2026-07-14T10:01:37.138Z] [provision] Operation started: operations/workflows/NzZhMjQ5N2ItZjRiNS00NzJmLTlmNmEtNzc4M2I4M2Y1ZGQ0
[debug] [2026-07-14T10:01:37.138Z] [provision] Polling for operation completion...
[debug] [2026-07-14T10:01:37.140Z] Checked if tokens are valid: true, expires at: 1784026543105
[debug] [2026-07-14T10:01:37.141Z] Checked if tokens are valid: true, expires at: 1784026543105
[debug] [2026-07-14T10:01:37.141Z] >>> [apiv2][query] GET https://firebase.googleapis.com/v1beta1/operations/workflows/NzZhMjQ5N2ItZjRiNS00NzJmLTlmNmEtNzc4M2I4M2Y1ZGQ0 [none]
[debug] [2026-07-14T10:01:37.689Z] <<< [apiv2][status] GET https://firebase.googleapis.com/v1beta1/operations/workflows/NzZhMjQ5N2ItZjRiNS00NzJmLTlmNmEtNzc4M2I4M2Y1ZGQ0 200
[debug] [2026-07-14T10:01:37.689Z] <<< [apiv2][body] GET https://firebase.googleapis.com/v1beta1/operations/workflows/NzZhMjQ5N2ItZjRiNS00NzJmLTlmNmEtNzc4M2I4M2Y1ZGQ0 {"name":"operations/workflows/NzZhMjQ5N2ItZjRiNS00NzJmLTlmNmEtNzc4M2I4M2Y1ZGQ0"}
[debug] [2026-07-14T10:01:37.897Z] [Provision Firebase App Poller] Retrying task index 0
[debug] [2026-07-14T10:01:37.899Z] Checked if tokens are valid: true, expires at: 1784026543105
[debug] [2026-07-14T10:01:37.899Z] Checked if tokens are valid: true, expires at: 1784026543105
[debug] [2026-07-14T10:01:37.900Z] >>> [apiv2][query] GET https://firebase.googleapis.com/v1beta1/operations/workflows/NzZhMjQ5N2ItZjRiNS00NzJmLTlmNmEtNzc4M2I4M2Y1ZGQ0 [none]
[debug] [2026-07-14T10:01:38.524Z] <<< [apiv2][status] GET https://firebase.googleapis.com/v1beta1/operations/workflows/NzZhMjQ5N2ItZjRiNS00NzJmLTlmNmEtNzc4M2I4M2Y1ZGQ0 200
[debug] [2026-07-14T10:01:38.525Z] <<< [apiv2][body] GET https://firebase.googleapis.com/v1beta1/operations/workflows/NzZhMjQ5N2ItZjRiNS00NzJmLTlmNmEtNzc4M2I4M2Y1ZGQ0 {"name":"operations/workflows/NzZhMjQ5N2ItZjRiNS00NzJmLTlmNmEtNzc4M2I4M2Y1ZGQ0"}
[debug] [2026-07-14T10:01:38.934Z] [Provision Firebase App Poller] Retrying task index 0
[debug] [2026-07-14T10:01:38.935Z] Checked if tokens are valid: true, expires at: 1784026543105
[debug] [2026-07-14T10:01:38.935Z] Checked if tokens are valid: true, expires at: 1784026543105
[debug] [2026-07-14T10:01:38.936Z] >>> [apiv2][query] GET https://firebase.googleapis.com/v1beta1/operations/workflows/NzZhMjQ5N2ItZjRiNS00NzJmLTlmNmEtNzc4M2I4M2Y1ZGQ0 [none]
[debug] [2026-07-14T10:01:39.519Z] <<< [apiv2][status] GET https://firebase.googleapis.com/v1beta1/operations/workflows/NzZhMjQ5N2ItZjRiNS00NzJmLTlmNmEtNzc4M2I4M2Y1ZGQ0 200
[debug] [2026-07-14T10:01:39.520Z] <<< [apiv2][body] GET https://firebase.googleapis.com/v1beta1/operations/workflows/NzZhMjQ5N2ItZjRiNS00NzJmLTlmNmEtNzc4M2I4M2Y1ZGQ0 {"name":"operations/workflows/NzZhMjQ5N2ItZjRiNS00NzJmLTlmNmEtNzc4M2I4M2Y1ZGQ0"}
[debug] [2026-07-14T10:01:40.327Z] [Provision Firebase App Poller] Retrying task index 0
[debug] [2026-07-14T10:01:40.328Z] Checked if tokens are valid: true, expires at: 1784026543105
[debug] [2026-07-14T10:01:40.328Z] Checked if tokens are valid: true, expires at: 1784026543105
[debug] [2026-07-14T10:01:40.329Z] >>> [apiv2][query] GET https://firebase.googleapis.com/v1beta1/operations/workflows/NzZhMjQ5N2ItZjRiNS00NzJmLTlmNmEtNzc4M2I4M2Y1ZGQ0 [none]
[debug] [2026-07-14T10:01:40.907Z] <<< [apiv2][status] GET https://firebase.googleapis.com/v1beta1/operations/workflows/NzZhMjQ5N2ItZjRiNS00NzJmLTlmNmEtNzc4M2I4M2Y1ZGQ0 200
[debug] [2026-07-14T10:01:40.907Z] <<< [apiv2][body] GET https://firebase.googleapis.com/v1beta1/operations/workflows/NzZhMjQ5N2ItZjRiNS00NzJmLTlmNmEtNzc4M2I4M2Y1ZGQ0 {"name":"operations/workflows/NzZhMjQ5N2ItZjRiNS00NzJmLTlmNmEtNzc4M2I4M2Y1ZGQ0"}
[debug] [2026-07-14T10:01:42.516Z] [Provision Firebase App Poller] Retrying task index 0
[debug] [2026-07-14T10:01:42.517Z] Checked if tokens are valid: true, expires at: 1784026543105
[debug] [2026-07-14T10:01:42.517Z] Checked if tokens are valid: true, expires at: 1784026543105
[debug] [2026-07-14T10:01:42.518Z] >>> [apiv2][query] GET https://firebase.googleapis.com/v1beta1/operations/workflows/NzZhMjQ5N2ItZjRiNS00NzJmLTlmNmEtNzc4M2I4M2Y1ZGQ0 [none]
[debug] [2026-07-14T10:01:43.098Z] <<< [apiv2][status] GET https://firebase.googleapis.com/v1beta1/operations/workflows/NzZhMjQ5N2ItZjRiNS00NzJmLTlmNmEtNzc4M2I4M2Y1ZGQ0 200
[debug] [2026-07-14T10:01:43.098Z] <<< [apiv2][body] GET https://firebase.googleapis.com/v1beta1/operations/workflows/NzZhMjQ5N2ItZjRiNS00NzJmLTlmNmEtNzc4M2I4M2Y1ZGQ0 {"name":"operations/workflows/NzZhMjQ5N2ItZjRiNS00NzJmLTlmNmEtNzc4M2I4M2Y1ZGQ0"}
[debug] [2026-07-14T10:01:46.301Z] [Provision Firebase App Poller] Retrying task index 0
[debug] [2026-07-14T10:01:46.301Z] Checked if tokens are valid: true, expires at: 1784026543105
[debug] [2026-07-14T10:01:46.301Z] Checked if tokens are valid: true, expires at: 1784026543105
[debug] [2026-07-14T10:01:46.302Z] >>> [apiv2][query] GET https://firebase.googleapis.com/v1beta1/operations/workflows/NzZhMjQ5N2ItZjRiNS00NzJmLTlmNmEtNzc4M2I4M2Y1ZGQ0 [none]
[debug] [2026-07-14T10:01:46.977Z] <<< [apiv2][status] GET https://firebase.googleapis.com/v1beta1/operations/workflows/NzZhMjQ5N2ItZjRiNS00NzJmLTlmNmEtNzc4M2I4M2Y1ZGQ0 200
